
===========================================================================
 report_power
============================================================================
======================= nom_ff_n40C_1v95 Corner ===================================

Group                    Internal    Switching      Leakage        Total
                            Power        Power        Power        Power (Watts)
------------------------------------------------------------------------
Sequential           1.935515e-04 1.130716e-04 5.851084e-10 3.066237e-04  61.4%
Combinational        6.073949e-05 3.885295e-05 1.082607e-09 9.959353e-05  19.9%
Clock                6.019195e-05 3.312898e-05 9.215123e-10 9.332185e-05  18.7%
Macro                0.000000e+00 0.000000e+00 0.000000e+00 0.000000e+00   0.0%
Pad                  0.000000e+00 0.000000e+00 0.000000e+00 0.000000e+00   0.0%
------------------------------------------------------------------------
Total                3.144830e-04 1.850535e-04 2.589225e-09 4.995391e-04 100.0%
                            63.0%        37.0%         0.0%

