
===========================================================================
 report_power
============================================================================
======================= nom_tt_025C_1v80 Corner ===================================

Group                    Internal    Switching      Leakage        Total
                            Power        Power        Power        Power (Watts)
------------------------------------------------------------------------
Sequential           1.675410e-04 8.344332e-05 3.470948e-10 2.509846e-04  60.6%
Combinational        5.626304e-05 3.335782e-05 6.411081e-10 8.962151e-05  21.7%
Clock                5.216793e-05 2.107296e-05 2.119313e-10 7.324111e-05  17.7%
Macro                0.000000e+00 0.000000e+00 0.000000e+00 0.000000e+00   0.0%
Pad                  0.000000e+00 0.000000e+00 0.000000e+00 0.000000e+00   0.0%
------------------------------------------------------------------------
Total                2.759719e-04 1.378741e-04 1.200138e-09 4.138472e-04 100.0%
                            66.7%        33.3%         0.0%
Writing metric power__internal__total: 0.0002759719209279865
Writing metric power__switching__total: 0.00013787411444354802
Writing metric power__leakage__total: 1.2001378779658012e-9
Writing metric power__total: 0.0004138472431804985

