
===========================================================================
 report_power
============================================================================
======================= min_tt_025C_1v80 Corner ===================================

Group                    Internal    Switching      Leakage        Total
                            Power        Power        Power        Power (Watts)
------------------------------------------------------------------------
Sequential           1.673369e-04 9.127289e-05 3.470948e-10 2.586101e-04  60.8%
Combinational        5.603493e-05 3.154717e-05 6.411081e-10 8.758273e-05  20.6%
Clock                5.255397e-05 2.667674e-05 6.590579e-10 7.923137e-05  18.6%
Macro                0.000000e+00 0.000000e+00 0.000000e+00 0.000000e+00   0.0%
Pad                  0.000000e+00 0.000000e+00 0.000000e+00 0.000000e+00   0.0%
------------------------------------------------------------------------
Total                2.759257e-04 1.494968e-04 1.647263e-09 4.254242e-04 100.0%
                            64.9%        35.1%         0.0%

