
===========================================================================
 report_power
============================================================================
======================= nom_ss_100C_1v60 Corner ===================================

Group                    Internal    Switching      Leakage        Total
                            Power        Power        Power        Power (Watts)
------------------------------------------------------------------------
Sequential           1.310528e-04 5.680574e-05 5.802738e-07 1.884388e-04  70.6%
Combinational        5.591856e-05 2.163246e-05 8.225584e-07 7.837358e-05  29.4%
Clock                0.000000e+00 0.000000e+00 0.000000e+00 0.000000e+00   0.0%
Macro                0.000000e+00 0.000000e+00 0.000000e+00 0.000000e+00   0.0%
Pad                  0.000000e+00 0.000000e+00 0.000000e+00 0.000000e+00   0.0%
------------------------------------------------------------------------
Total                1.869713e-04 7.843821e-05 1.402833e-06 2.668124e-04 100.0%
                            70.1%        29.4%         0.5%

