
===========================================================================
 report_power
============================================================================
======================= max_ss_100C_1v60 Corner ===================================

Group                    Internal    Switching      Leakage        Total
                            Power        Power        Power        Power (Watts)
------------------------------------------------------------------------
Sequential           1.303757e-04 7.669856e-05 5.813974e-07 2.076556e-04  60.0%
Combinational        4.590721e-05 2.615187e-05 8.621873e-07 7.292126e-05  21.1%
Clock                4.299009e-05 2.222369e-05 5.765223e-08 6.527144e-05  18.9%
Macro                0.000000e+00 0.000000e+00 0.000000e+00 0.000000e+00   0.0%
Pad                  0.000000e+00 0.000000e+00 0.000000e+00 0.000000e+00   0.0%
------------------------------------------------------------------------
Total                2.192730e-04 1.250742e-04 1.501238e-06 3.458484e-04 100.0%
                            63.4%        36.2%         0.4%

